[stackbros.in/darkone/auth-signin.html]
[backblue.gif]
[fade.gif]
[index.html]
[stackbros.in/darkone/assets/images/favicon.ico]
[stackbros.in/darkone/assets/css/vendor.min.css]
[stackbros.in/darkone/assets/css/icons.min.css]
[stackbros.in/darkone/assets/css/style.min.css]
[stackbros.in/darkone/assets/js/config.js]
[stackbros.in/darkone/index.html]
[stackbros.in/darkone/assets/images/logo-dark.png]
[stackbros.in/darkone/assets/images/logo-light.png]
[stackbros.in/darkone/auth-password.html]
[stackbros.in/darkone/auth-signup.html]
[stackbros.in/darkone/assets/js/app.js]
[stackbros.in/darkone/auth-signin.html]
[stackbros.in/darkone/assets/css/vendor.min.css]
[stackbros.in/darkone/assets/fonts/boxicons.eot]
[stackbros.in/darkone/assets/fonts/boxicons.woff2]
[stackbros.in/darkone/assets/js/vendor.min.js]
[stackbros.in/darkone/assets/fonts/boxicons.woff]
[stackbros.in/darkone/assets/fonts/boxicons.ttf]
[stackbros.in/darkone/assets/css/icons.min.css]
[stackbros.in/darkone/assets/css/style.min.css]
[stackbros.in/darkone/assets/images/users/avatar-1.jpg]
[stackbros.in/darkone/assets/images/users/avatar-3.jpg]
[stackbros.in/darkone/assets/images/users/avatar-5.jpg]
[stackbros.in/darkone/auth-lock-screen.html]
[stackbros.in/darkone/assets/images/logo-sm.png]
[stackbros.in/darkone/pages-404.html]
[stackbros.in/darkone/pages-404-alt.html]
[stackbros.in/darkone/ui-accordion.html]
[stackbros.in/darkone/ui-alerts.html]
[stackbros.in/darkone/ui-avatar.html]
[stackbros.in/darkone/ui-badge.html]
[stackbros.in/darkone/ui-breadcrumb.html]
[stackbros.in/darkone/ui-buttons.html]
[stackbros.in/darkone/ui-card.html]
[stackbros.in/darkone/ui-carousel.html]
[stackbros.in/darkone/ui-collapse.html]
[stackbros.in/darkone/ui-dropdown.html]
[stackbros.in/darkone/ui-list-group.html]
[stackbros.in/darkone/ui-modal.html]
[stackbros.in/darkone/ui-tabs.html]
[stackbros.in/darkone/ui-offcanvas.html]
[stackbros.in/darkone/ui-pagination.html]
[stackbros.in/darkone/ui-placeholders.html]
[stackbros.in/darkone/ui-popovers.html]
[stackbros.in/darkone/ui-progress.html]
[stackbros.in/darkone/ui-scrollspy.html]
[stackbros.in/darkone/ui-spinners.html]
[stackbros.in/darkone/ui-toasts.html]
[stackbros.in/darkone/ui-tooltips.html]
[stackbros.in/darkone/charts.html]
[stackbros.in/darkone/forms-basic.html]
[stackbros.in/darkone/forms-flatpicker.html]
[stackbros.in/darkone/forms-validation.html]
[stackbros.in/darkone/forms-fileuploads.html]
[stackbros.in/darkone/forms-editors.html]
[stackbros.in/darkone/tables-basic.html]
[stackbros.in/darkone/tables-gridjs.html]
[stackbros.in/darkone/icons-boxicons.html]
[stackbros.in/darkone/icons-solar.html]
[stackbros.in/darkone/maps-google.html]
[stackbros.in/darkone/maps-vector.html]
[stackbros.in/darkone/layouts-dark-sidenav.html]
[stackbros.in/darkone/layouts-dark-topnav.html]
[stackbros.in/darkone/layouts-small-sidenav.html]
[stackbros.in/darkone/layouts-hidden-sidenav.html]
[stackbros.in/darkone/layouts-light.html]
[stackbros.in/darkone/assets/images/users/avatar-2.jpg]
[stackbros.in/darkone/assets/images/users/avatar-4.jpg]
[stackbros.in/darkone/assets/images/users/avatar-6.jpg]
[stackbros.in/darkone/assets/vendor/jsvectormap/js/jsvectormap.min.js]
[stackbros.in/darkone/assets/vendor/jsvectormap/maps/world-merc.js]
[stackbros.in/darkone/assets/vendor/jsvectormap/maps/world.js]
[stackbros.in/darkone/assets/js/pages/dashboard.js]
[stackbros.in/darkone/index.html]
[stackbros.in/darkone/auth-password.html]
[stackbros.in/darkone/auth-signup.html]
[stackbros.in/darkone/assets/fonts/boxiconsd41d.svg]
[stackbros.in/darkone/auth-lock-screen.html]
[stackbros.in/darkone/pages-404.html]
[stackbros.in/darkone/pages-404-alt.html]
[stackbros.in/darkone/ui-accordion.html]
[stackbros.in/darkone/ui-alerts.html]
[stackbros.in/darkone/assets/images/users/avatar-7.jpg]
[stackbros.in/darkone/assets/images/users/avatar-8.jpg]
[stackbros.in/darkone/assets/images/users/avatar-9.jpg]
[stackbros.in/darkone/assets/images/small/img-2.jpg]
[stackbros.in/darkone/assets/images/small/img-3.jpg]
[stackbros.in/darkone/ui-avatar.html]
[stackbros.in/darkone/ui-badge.html]
[stackbros.in/darkone/ui-breadcrumb.html]
[stackbros.in/darkone/ui-buttons.html]
[stackbros.in/darkone/assets/images/small/img-1.jpg]
[stackbros.in/darkone/assets/images/small/img-4.jpg]
[stackbros.in/darkone/assets/images/small/img-5.jpg]
[stackbros.in/darkone/ui-card.html]
[stackbros.in/darkone/assets/images/small/img-6.jpg]
[stackbros.in/darkone/assets/images/small/img-7.jpg]
[stackbros.in/darkone/assets/images/small/img-8.jpg]
[stackbros.in/darkone/assets/images/small/img-9.jpg]
[stackbros.in/darkone/assets/images/small/img-10.jpg]
[stackbros.in/darkone/ui-carousel.html]
[stackbros.in/darkone/ui-collapse.html]
[stackbros.in/darkone/ui-dropdown.html]
[stackbros.in/darkone/ui-list-group.html]
[stackbros.in/darkone/ui-modal.html]
[stackbros.in/darkone/ui-tabs.html]
[stackbros.in/darkone/ui-offcanvas.html]
[stackbros.in/darkone/ui-pagination.html]
[stackbros.in/darkone/ui-placeholders.html]
[stackbros.in/darkone/ui-popovers.html]
[stackbros.in/darkone/ui-progress.html]
[stackbros.in/darkone/ui-scrollspy.html]
[stackbros.in/darkone/ui-spinners.html]
[stackbros.in/darkone/ui-toasts.html]
[stackbros.in/darkone/ui-tooltips.html]
[apexcharts.com/samples/assets/irregular-data-series.js]
[apexcharts.com/samples/assets/ohlc.js]
[stackbros.in/darkone/assets/js/pages/chart.js]
[stackbros.in/darkone/charts.html]
[stackbros.in/darkone/forms-basic.html]
[stackbros.in/darkone/assets/js/pages/form-flatepicker.js]
[stackbros.in/darkone/forms-flatpicker.html]
[stackbros.in/darkone/forms-validation.html]
[stackbros.in/darkone/assets/js/pages/form-fileupload.js]
[stackbros.in/darkone/forms-fileuploads.html]
[stackbros.in/darkone/assets/js/pages/form-quilljs.js]
[stackbros.in/darkone/forms-editors.html]
[stackbros.in/darkone/tables-basic.html]
[stackbros.in/darkone/assets/vendor/gridjs/theme/mermaid.min.css]
[stackbros.in/darkone/assets/vendor/gridjs/gridjs.umd.js]
[stackbros.in/darkone/assets/js/pages/table-gridjs.js]
[stackbros.in/darkone/tables-gridjs.html]
[stackbros.in/darkone/icons-boxicons.html]
[stackbros.in/darkone/icons-solar.html]
[stackbros.in/darkone/assets/vendor/gmaps/gmaps.min.js]
[stackbros.in/darkone/assets/js/pages/maps-google.js]
[stackbros.in/darkone/maps-google.html]
[stackbros.in/darkone/assets/js/pages/maps-canada.js]
[stackbros.in/darkone/assets/js/pages/maps-iraq.js]
[stackbros.in/darkone/assets/js/pages/maps-russia.js]
[stackbros.in/darkone/assets/js/pages/maps-spain.js]
[stackbros.in/darkone/assets/js/pages/maps-vector.js]
[stackbros.in/darkone/maps-vector.html]
[stackbros.in/darkone/layouts-dark-sidenav.html]
[stackbros.in/darkone/layouts-dark-topnav.html]
[stackbros.in/darkone/layouts-small-sidenav.html]
[stackbros.in/darkone/layouts-hidden-sidenav.html]
[stackbros.in/darkone/layouts-light.html]
[stackbros.in/darkone/assets/images/404.svg]
[stackbros.in/darkone/assets/vendor/gridjs/theme/mermaid.min.css]
